  .   ____          _            __ _ _
 /\\ / ___'_ __ _ _(_)_ __  __ _ \ \ \ \
( ( )\___ | '_ | '_| | '_ \/ _` | \ \ \ \
 \\/  ___)| |_)| | | | | || (_| |  ) ) ) )
  '  |____| .__|_| |_|_| |_\__, | / / / /
 =========|_|==============|___/=/_/_/_/

 :: Spring Boot ::                (v3.3.0)

2026-08-20T14:27:48.536+07:00  INFO 21988 --- [workoutsmart-backend] [           main] c.workoutsmart.WorkoutSmartApplication   : Starting WorkoutSmartApplication v0.1.0-SNAPSHOT using Java 17.0.12 with PID 21988 (C:\Users\daizl\Desktop\Save\zOthers\WorkoutSmartApp\backend\target\backend-0.1.0-SNAPSHOT.jar started by daizl in C:\Users\daizl\Desktop\Save\zOthers\WorkoutSmartApp\backend)
2026-08-20T14:27:48.539+07:00  INFO 21988 --- [workoutsmart-backend] [           main] c.workoutsmart.WorkoutSmartApplication   : No active profile set, falling back to 1 default profile: "default"
2026-08-20T14:27:49.484+07:00  INFO 21988 --- [workoutsmart-backend] [           main] .s.d.r.c.RepositoryConfigurationDelegate : Bootstrapping Spring Data JPA repositories in DEFAULT mode.
2026-08-20T14:27:49.572+07:00  INFO 21988 --- [workoutsmart-backend] [           main] .s.d.r.c.RepositoryConfigurationDelegate : Finished Spring Data repository scanning in 80 ms. Found 27 JPA repository interfaces.
2026-08-20T14:27:50.297+07:00  INFO 21988 --- [workoutsmart-backend] [           main] o.s.b.w.embedded.tomcat.TomcatWebServer  : Tomcat initialized with port 8080 (http)
2026-08-20T14:27:50.309+07:00  INFO 21988 --- [workoutsmart-backend] [           main] o.apache.catalina.core.StandardService   : Starting service [Tomcat]
2026-08-20T14:27:50.310+07:00  INFO 21988 --- [workoutsmart-backend] [           main] o.apache.catalina.core.StandardEngine    : Starting Servlet engine: [Apache Tomcat/10.1.24]
2026-08-20T14:27:50.352+07:00  INFO 21988 --- [workoutsmart-backend] [           main] o.a.c.c.C.[Tomcat].[localhost].[/]       : Initializing Spring embedded WebApplicationContext
2026-08-20T14:27:50.353+07:00  INFO 21988 --- [workoutsmart-backend] [           main] w.s.c.ServletWebServerApplicationContext : Root WebApplicationContext: initialization completed in 1735 ms
2026-08-20T14:27:50.683+07:00  INFO 21988 --- [workoutsmart-backend] [           main] com.zaxxer.hikari.HikariDataSource       : HikariPool-1 - Starting...
2026-08-20T14:27:50.900+07:00  INFO 21988 --- [workoutsmart-backend] [           main] com.zaxxer.hikari.pool.HikariPool        : HikariPool-1 - Added connection org.postgresql.jdbc.PgConnection@4aa3fc9a
2026-08-20T14:27:50.902+07:00  INFO 21988 --- [workoutsmart-backend] [           main] com.zaxxer.hikari.HikariDataSource       : HikariPool-1 - Start completed.
2026-08-20T14:27:50.940+07:00  INFO 21988 --- [workoutsmart-backend] [           main] org.flywaydb.core.FlywayExecutor         : Database: jdbc:postgresql://localhost:5432/workoutDB (PostgreSQL 18.4)
2026-08-20T14:27:50.955+07:00  WARN 21988 --- [workoutsmart-backend] [           main] o.f.c.internal.database.base.Database    : Flyway upgrade recommended: PostgreSQL 18.4 is newer than this version of Flyway and support has not been tested. The latest supported version of PostgreSQL is 16.
2026-08-20T14:27:51.021+07:00  INFO 21988 --- [workoutsmart-backend] [           main] o.f.core.internal.command.DbValidate     : Successfully validated 19 migrations (execution time 00:00.048s)
2026-08-20T14:27:51.045+07:00  INFO 21988 --- [workoutsmart-backend] [           main] o.f.core.internal.command.DbMigrate      : Current version of schema "public": 19
2026-08-20T14:27:51.049+07:00  INFO 21988 --- [workoutsmart-backend] [           main] o.f.core.internal.command.DbMigrate      : Schema "public" is up to date. No migration necessary.
2026-08-20T14:27:51.175+07:00  INFO 21988 --- [workoutsmart-backend] [           main] o.hibernate.jpa.internal.util.LogHelper  : HHH000204: Processing PersistenceUnitInfo [name: default]
2026-08-20T14:27:51.274+07:00  INFO 21988 --- [workoutsmart-backend] [           main] org.hibernate.Version                    : HHH000412: Hibernate ORM core version 6.5.2.Final
2026-08-20T14:27:51.339+07:00  INFO 21988 --- [workoutsmart-backend] [           main] o.h.c.internal.RegionFactoryInitiator    : HHH000026: Second-level cache disabled
2026-08-20T14:27:51.643+07:00  INFO 21988 --- [workoutsmart-backend] [           main] o.s.o.j.p.SpringPersistenceUnitInfo      : No LoadTimeWeaver setup: ignoring JPA class transformer
2026-08-20T14:27:52.723+07:00  INFO 21988 --- [workoutsmart-backend] [           main] o.h.e.t.j.p.i.JtaPlatformInitiator       : HHH000489: No JTA platform available (set 'hibernate.transaction.jta.platform' to enable JTA platform integration)
2026-08-20T14:27:52.770+07:00  INFO 21988 --- [workoutsmart-backend] [           main] j.LocalContainerEntityManagerFactoryBean : Initialized JPA EntityManagerFactory for persistence unit 'default'
2026-08-20T14:27:53.317+07:00  INFO 21988 --- [workoutsmart-backend] [           main] o.s.d.j.r.query.QueryEnhancerFactory     : Hibernate is in classpath; If applicable, HQL parser will be used.
2026-08-20T14:27:54.943+07:00  WARN 21988 --- [workoutsmart-backend] [           main] .s.s.UserDetailsServiceAutoConfiguration : 

Using generated security password: e0028c30-0fb2-401f-b2d3-5980fa238d60

This generated password is for development use only. Your security configuration must be updated before running your application in production.

2026-08-20T14:27:54.954+07:00  INFO 21988 --- [workoutsmart-backend] [           main] r$InitializeUserDetailsManagerConfigurer : Global AuthenticationManager configured with UserDetailsService bean with name inMemoryUserDetailsManager
2026-08-20T14:27:55.271+07:00  INFO 21988 --- [workoutsmart-backend] [           main] o.s.s.web.DefaultSecurityFilterChain     : Will secure any request with [org.springframework.security.web.session.DisableEncodeUrlFilter@223a5dad, org.springframework.security.web.context.request.async.WebAsyncManagerIntegrationFilter@41a42c6b, org.springframework.security.web.context.SecurityContextHolderFilter@7a49c426, org.springframework.security.web.header.HeaderWriterFilter@3bbed4fa, org.springframework.web.filter.CorsFilter@4d5aa20b, org.springframework.security.web.authentication.logout.LogoutFilter@4900e064, com.workoutsmart.auth.security.JwtAuthFilter@6ea0dfaa, org.springframework.security.web.savedrequest.RequestCacheAwareFilter@1f396ed8, org.springframework.security.web.servletapi.SecurityContextHolderAwareRequestFilter@568fb285, org.springframework.security.web.authentication.AnonymousAuthenticationFilter@1045c79e, org.springframework.security.web.session.SessionManagementFilter@63e98fde, org.springframework.security.web.access.ExceptionTranslationFilter@325401b3, org.springframework.security.web.access.intercept.AuthorizationFilter@2df9d099]
2026-08-20T14:27:55.730+07:00  INFO 21988 --- [workoutsmart-backend] [           main] o.s.b.w.embedded.tomcat.TomcatWebServer  : Tomcat started on port 8080 (http) with context path '/'
2026-08-20T14:27:55.746+07:00  INFO 21988 --- [workoutsmart-backend] [           main] c.workoutsmart.WorkoutSmartApplication   : Started WorkoutSmartApplication in 7.624 seconds (process running for 8.035)
^C